Seq	Host	Starttime	JobRuntime	Send	Receive	Exitval	Signal	Command
9	:	1782712180.046	     0.033	0	153	0	0	/home/bionicle8699/flag_verification/flag-analysis/scripts/run_one_low_weight_job.sh './protocols/low_depth_7_1_3_w_6_second_protocol.json  ./[[7,1,3]]_low_depth_2/[[7,1,3]]_low_depth_2_config.txt'   9 19
1	:	1782712180.003	     1.552	0	164	0	0	/home/bionicle8699/flag_verification/flag-analysis/scripts/run_one_low_weight_job.sh ./protocols/d_3_lai_protocol.json './[[5,1,3]]_[1,1,1,1]_T/[[5,1,3]]_[1,1,1,1]_T_lai_d_3_protocol_config.txt' 1 1 19
3	:	1782712180.014	     1.564	0	164	0	0	/home/bionicle8699/flag_verification/flag-analysis/scripts/run_one_low_weight_job.sh ./protocols/d_3_lai_protocol.json './[[5,1,3]]_[2,2]_T_fix_2 /[[5,1,3]]_[2,2]_T_fix_2_lai_3_protocol_config.txt' 1 3 19
6	:	1782712180.031	     1.548	0	152	0	0	/home/bionicle8699/flag_verification/flag-analysis/scripts/run_one_low_weight_job.sh ./protocols/d_3_lai_protocol.json './[[5,1,3]]_[2,2]_T/[[5,1,3]]_[2,2]_T_lai_3_protocol_config.txt' 1 6 19
2	:	1782712180.008	     1.626	0	160	0	0	/home/bionicle8699/flag_verification/flag-analysis/scripts/run_one_low_weight_job.sh ./protocols/d_3_lai_protocol.json './[[5,1,3]]_[2,2]_T_fix/[[5,1,3]]_[2,2]_T_fix_lai_3_protocol_config.txt' 1 2 19
7	:	1782712180.036	     1.634	0	148	0	0	/home/bionicle8699/flag_verification/flag-analysis/scripts/run_one_low_weight_job.sh ./protocols/d_3_lai_protocol.json './[[5,1,3]]_[2,2]/[[5,1,3]]_[2,2]_lai_3_protocol_config.txt' 1 7 19
4	:	1782712180.019	     1.700	0	122	0	0	/home/bionicle8699/flag_verification/flag-analysis/scripts/run_one_low_weight_job.sh ./protocols/d_3_lai_protocol.json './config/[[7,1,3]]_lai_3_protocol.txt' 1 4 19
8	:	1782712180.040	     1.773	0	120	0	0	/home/bionicle8699/flag_verification/flag-analysis/scripts/run_one_low_weight_job.sh ./protocols/origin_5_1_3_protocol.json './[[5,1,3]]_origin/[[5,1,3]]_origin_config.txt' 1 8 19
10	:	1782712180.050	     1.832	0	114	0	0	/home/bionicle8699/flag_verification/flag-analysis/scripts/run_one_low_weight_job.sh ./protocols/low_depth_7_1_3_w_6_protocol.json ./config/low_depth_7_1_3_w_6.txt 1 10 19
11	:	1782712180.056	     1.934	0	138	1	0	/home/bionicle8699/flag_verification/flag-analysis/scripts/run_one_low_weight_job.sh ./protocols/chris_d_3_flag_protocol.json './[[9,1,3]]_surface_code_seq/[[9,1,3]]_chris_protocol_config.txt' 1 11 19
5	:	1782712180.025	     2.197	0	144	0	0	/home/bionicle8699/flag_verification/flag-analysis/scripts/run_one_low_weight_job.sh ./protocols/5_1_3_low_depth_protocol.json './[[5,1,3]]_low_depth/[[5,1,3]]_low_depth_protocol_config.txt' 1 5 19
19	:	1782712180.108	     2.937	0	168	0	0	/home/bionicle8699/flag_verification/flag-analysis/scripts/run_one_low_weight_job.sh ./protocols/d_5_lai_protocol.json './[[17,1,5]]_[2,2,2,1,1]_T/[[17,1,5]]_[2,2,2,1,1]_T_lai_5_protocol_config.txt' 2 19 19
18	:	1782712180.101	     2.977	0	146	0	0	/home/bionicle8699/flag_verification/flag-analysis/scripts/run_one_low_weight_job.sh ./protocols/d_5_lai_protocol.json './[[17,1,5]]_[1,1,1,1,1,...]_T/[[17,1,5]]_[1,1,1,1,1,...]_T_config.txt' 2 18 19
17	:	1782712180.094	     3.063	0	168	0	0	/home/bionicle8699/flag_verification/flag-analysis/scripts/run_one_low_weight_job.sh ./protocols/d_5_lai_protocol.json './[[19,1,5]]_[1,1,1,...]_T/[[19,1,5]]_[1,1,1,...]_lai_d_5_protocol_config.txt' 2 17 19
16	:	1782712180.087	     3.261	0	176	0	0	/home/bionicle8699/flag_verification/flag-analysis/scripts/run_one_low_weight_job.sh ./protocols/d_5_lai_protocol.json './[[19,1,5]]_[2,2,2,1,1,1]_T/[[19,1,5]]_[2,2,2,1,1,1]_T_lai_d_5_protocol_config.txt' 2 16 19
15	:	1782712180.079	    13.098	0	126	0	0	/home/bionicle8699/flag_verification/flag-analysis/scripts/run_one_low_weight_job.sh ./protocols/correct_full_chris_d_5_low_depth_protocol.json './chau_du_[[17,1,5]]/chao_du_[[17,1,5]]_config.txt' 2 15 19
13	:	1782712180.067	    13.361	0	122	0	0	/home/bionicle8699/flag_verification/flag-analysis/scripts/run_one_low_weight_job.sh ./protocols/correct_full_chris_d_5_low_depth_protocol.json './config/[[17,1,5]]_chris_config.txt' 2 13 19
14	:	1782712180.072	    15.450	0	126	0	0	/home/bionicle8699/flag_verification/flag-analysis/scripts/run_one_low_weight_job.sh ./protocols/correct_full_chris_d_5_low_depth_protocol.json './chau_du_[[19,1,5]]/chao_du_[[19,1,5]]_config.txt' 2 14 19
12	:	1782712180.061	    16.654	0	140	0	0	/home/bionicle8699/flag_verification/flag-analysis/scripts/run_one_low_weight_job.sh ./protocols/correct_full_chris_d_5_low_depth_protocol.json './config/[[25,1,5]]_chris_protocol_config.txt' 2 12 19
