Seq	Host	Starttime	JobRuntime	Send	Receive	Exitval	Signal	Command
1	:	1783367747.568	     1.292	0	169	0	0	/home/bionicle8699/flag_verification/flag-analysis/scripts/run_one_syndrome_job.sh ./protocols/d_3_lai_protocol.json './[[5,1,3]]_[1,1,1,1]_T/[[5,1,3]]_[1,1,1,1]_T_lai_d_3_protocol_config.txt' 1 1 10
2	:	1783367748.933	     1.345	0	165	0	0	/home/bionicle8699/flag_verification/flag-analysis/scripts/run_one_syndrome_job.sh ./protocols/d_3_lai_protocol.json './[[5,1,3]]_[2,2]_T_fix/[[5,1,3]]_[2,2]_T_fix_lai_3_protocol_config.txt' 1 2 10
3	:	1783367750.285	     1.453	0	169	0	0	/home/bionicle8699/flag_verification/flag-analysis/scripts/run_one_syndrome_job.sh ./protocols/d_3_lai_protocol.json './[[5,1,3]]_[2,2]_T_fix_2 /[[5,1,3]]_[2,2]_T_fix_2_lai_3_protocol_config.txt' 1 3 10
4	:	1783367751.841	     1.276	0	127	0	0	/home/bionicle8699/flag_verification/flag-analysis/scripts/run_one_syndrome_job.sh ./protocols/d_3_lai_protocol.json './config/[[7,1,3]]_lai_3_protocol.txt' 1 4 10
5	:	1783367753.124	     1.569	0	149	0	0	/home/bionicle8699/flag_verification/flag-analysis/scripts/run_one_syndrome_job.sh ./protocols/5_1_3_low_depth_protocol.json './[[5,1,3]]_low_depth/[[5,1,3]]_low_depth_protocol_config.txt' 1 5 10
6	:	1783367754.804	     1.460	0	157	0	0	/home/bionicle8699/flag_verification/flag-analysis/scripts/run_one_syndrome_job.sh ./protocols/d_3_lai_protocol.json './[[5,1,3]]_[2,2]_T/[[5,1,3]]_[2,2]_T_lai_3_protocol_config.txt' 1 6 10
7	:	1783367756.377	     1.266	0	153	0	0	/home/bionicle8699/flag_verification/flag-analysis/scripts/run_one_syndrome_job.sh ./protocols/d_3_lai_protocol.json './[[5,1,3]]_[2,2]/[[5,1,3]]_[2,2]_lai_3_protocol_config.txt' 1 7 10
8	:	1783367757.744	     1.602	0	125	0	0	/home/bionicle8699/flag_verification/flag-analysis/scripts/run_one_syndrome_job.sh ./protocols/origin_5_1_3_protocol.json './[[5,1,3]]_origin/[[5,1,3]]_origin_config.txt' 1 8 10
9	:	1783367759.461	     0.026	0	42	0	0	/home/bionicle8699/flag_verification/flag-analysis/scripts/run_one_syndrome_job.sh './protocols/low_depth_7_1_3_w_6_second_protocol.json  ./[[7,1,3]]_low_depth_2/[[7,1,3]]_low_depth_2_config.txt'   9 10
10	:	1783367759.559	     1.404	0	119	0	0	/home/bionicle8699/flag_verification/flag-analysis/scripts/run_one_syndrome_job.sh ./protocols/low_depth_7_1_3_w_6_protocol.json ./config/low_depth_7_1_3_w_6.txt 1 10 10
6547.086	     1.338	0	143	0	0	/home/bionicle8699/flag_verification/flag-analysis/scripts/run_one_syndrome_job.sh ./protocols/chris_d_3_flag_protocol.json './[[9,1,3]]_surface_code_seq/[[9,1,3]]_chris_protocol_config.txt' 1 10 18
11	:	1783366547.108	     1.625	0	145	0	0	/home/bionicle8699/flag_verification/flag-analysis/scripts/run_one_syndrome_job.sh ./protocols/correct_full_chris_d_5_low_depth_protocol.json './config/[[25,1,5]]_chris_protocol_config.txt' 2 11 18
13	:	1783366547.438	     1.582	0	131	0	0	/home/bionicle8699/flag_verification/flag-analysis/scripts/run_one_syndrome_job.sh ./protocols/correct_full_chris_d_5_low_depth_protocol.json './chau_du_[[19,1,5]]/chao_du_[[19,1,5]]_config.txt' 2 13 18
14	:	1783366548.352	     1.418	0	131	0	0	/home/bionicle8699/flag_verification/flag-analysis/scripts/run_one_syndrome_job.sh ./protocols/correct_full_chris_d_5_low_depth_protocol.json './chau_du_[[17,1,5]]/chao_du_[[17,1,5]]_config.txt' 2 14 18
15	:	1783366548.430	     1.393	0	181	0	0	/home/bionicle8699/flag_verification/flag-analysis/scripts/run_one_syndrome_job.sh ./protocols/d_5_lai_protocol.json './[[19,1,5]]_[2,2,2,1,1,1]_T/[[19,1,5]]_[2,2,2,1,1,1]_T_lai_d_5_protocol_config.txt' 2 15 18
16	:	1783366548.741	     1.424	0	173	0	0	/home/bionicle8699/flag_verification/flag-analysis/scripts/run_one_syndrome_job.sh ./protocols/d_5_lai_protocol.json './[[19,1,5]]_[1,1,1,...]_T/[[19,1,5]]_[1,1,1,...]_lai_d_5_protocol_config.txt' 2 16 18
17	:	1783366549.028	     1.356	0	151	0	0	/home/bionicle8699/flag_verification/flag-analysis/scripts/run_one_syndrome_job.sh ./protocols/d_5_lai_protocol.json './[[17,1,5]]_[1,1,1,1,1,...]_T/[[17,1,5]]_[1,1,1,1,1,...]_T_config.txt' 2 17 18
18	:	1783366549.777	     1.555	0	173	0	0	/home/bionicle8699/flag_verification/flag-analysis/scripts/run_one_syndrome_job.sh ./protocols/d_5_lai_protocol.json './[[17,1,5]]_[2,2,2,1,1]_T/[[17,1,5]]_[2,2,2,1,1]_T_lai_5_protocol_config.txt' 2 18 18
onfig.txt' 2 18 18
